http://www.mysite.com
http://www.mysite.com/9
http://www.mysite.com/8
http://www.mysite.com/5
http://www.mysite.com/4
http://www.mysite.com/7
http://www.mysite.com/6
http://www.mysite.com/1
http://www.mysite.com/0
http://www.mysite.com/3
http://www.mysite.com/2
		http://www.mysite.com/0.css
		http://www.mysite.com/2.css
		http://www.mysite.com/6.css
		http://www.mysite.com/4.css
		http://www.mysite.com/1.png
		http://www.mysite.com/3.png
		http://www.mysite.com/5.png


